<?xml version="1.0" encoding="utf-8"?><testsuites><testsuite name="pytest" errors="0" failures="0" skipped="0" tests="4" time="0.117" timestamp="2025-03-28T12:40:02.336473" hostname="DESKTOP-VVP4MT2"><testcase classname="src.tests.test_calculator.TestCalculator" name="test_add" time="0.004" /><testcase classname="src.tests.test_calculator.TestCalculator" name="test_divide" time="0.002" /><testcase classname="src.tests.test_calculator.TestCalculator" name="test_multiply" time="0.005" /><testcase classname="src.tests.test_calculator.TestCalculator" name="test_subtract" time="0.003" /></testsuite></testsuites>